---
# Source: spring-petclinic-config/templates/app/service.yaml
apiVersion: v1
kind: Service
metadata:
  labels:
    app: spring-petclinic
  name: spring-petclinic
spec:
  ports:
  - name: 8080-tcp
    port: 8080
    protocol: TCP
    targetPort: 8080
  - name: 8443-tcp
    port: 8443
    protocol: TCP
    targetPort: 8443
  - name: 8778-tcp
    port: 8778
    protocol: TCP
    targetPort: 8778
  selector:
    app: spring-petclinic
  sessionAffinity: None
  type: ClusterIP
---
# Source: spring-petclinic-config/templates/app/deployment.yaml
apiVersion: apps/v1
kind: Deployment
metadata:
  annotations:
  labels:
    app: spring-petclinic
    app.kubernetes.io/component: web
    app.kubernetes.io/instance: spring-petclinic
    app.kubernetes.io/name: spring-petclinic
    app.kubernetes.io/part-of: spring-petclinic
    app.openshift.io/runtime: java
  name: spring-petclinic
spec:
  replicas: 1
  selector:
    matchLabels:
      app: spring-petclinic
  template:
    metadata:
      labels:
        app: spring-petclinic
    spec:
      containers:
      - name: spring-petclinic
        imagePullPolicy: Always
        image: quay.io/siamaksade/spring-petclinic:latest
        livenessProbe:
          failureThreshold: 3
          httpGet:
            path: /
            port: 8080
            scheme: HTTP
          initialDelaySeconds: 45
          periodSeconds: 10
          successThreshold: 1
          timeoutSeconds: 1
        ports:
        - containerPort: 8080
          protocol: TCP
        - containerPort: 8443
          protocol: TCP
        - containerPort: 8778
          protocol: TCP
        readinessProbe:
          failureThreshold: 3
          httpGet:
            path: /
            port: 8080
            scheme: HTTP
          initialDelaySeconds: 45
          periodSeconds: 10
          successThreshold: 1
          timeoutSeconds: 5
---
# Source: spring-petclinic-config/templates/app/kustomization.yaml
resources:
- deployment.yaml
- service.yaml
- route.yaml
---
# Source: spring-petclinic-config/templates/environments/dev/kustomization.yaml
bases:
  - ../../app/
---
# Source: spring-petclinic-config/templates/environments/stage/kustomization.yaml
bases:
  - ../../app/
---
# Source: spring-petclinic-config/templates/app/route.yaml
apiVersion: route.openshift.io/v1
kind: Route
metadata:
  labels:
    app: spring-petclinic
  name: spring-petclinic
spec:
  port:
    targetPort: 8080-tcp
  to:
    kind: Service
    name: spring-petclinic
    weight: 100
